    Updating `rsproxy-sparse` index
     Locking 457 packages to latest compatible versions
      Adding ark-bn254 v0.4.0 (available: v0.6.0)
      Adding ark-ff v0.4.2 (available: v0.6.0)
      Adding bincode v1.3.3 (available: v3.0.0)
      Adding blake2 v0.10.6 (available: v0.11.0)
      Adding generic-array v0.14.7 (available: v0.14.9)
 Downloading crates ...
  Downloaded addchain v0.2.1 (registry `rsproxy-sparse`)
  Downloaded memchr v2.8.3 (registry `rsproxy-sparse`)
  Downloaded memmap2 v0.9.11 (registry `rsproxy-sparse`)
  Downloaded merlin v3.0.0 (registry `rsproxy-sparse`)
  Downloaded num-conv v0.2.2 (registry `rsproxy-sparse`)
  Downloaded num-derive v0.4.2 (registry `rsproxy-sparse`)
  Downloaded miniz_oxide v0.9.1 (registry `rsproxy-sparse`)
  Downloaded malachite-base v0.4.22 (registry `rsproxy-sparse`)
  Downloaded num-complex v0.4.6 (registry `rsproxy-sparse`)
  Downloaded managed v0.8.0 (registry `rsproxy-sparse`)
  Downloaded malachite-nz v0.4.22 (registry `rsproxy-sparse`)
  Downloaded malachite-q v0.4.22 (registry `rsproxy-sparse`)
  Downloaded option-ext v0.2.0 (registry `rsproxy-sparse`)
  Downloaded futures-io v0.3.34 (registry `rsproxy-sparse`)
  Downloaded proc-macro-crate v3.5.0 (registry `rsproxy-sparse`)
  Downloaded num-bigint v0.3.3 (registry `rsproxy-sparse`)
  Downloaded num-integer v0.1.47 (registry `rsproxy-sparse`)
  Downloaded once_cell v1.21.4 (registry `rsproxy-sparse`)
  Downloaded jiff-core v0.1.1 (registry `rsproxy-sparse`)
  Downloaded prost v0.13.5 (registry `rsproxy-sparse`)
  Downloaded embedded-io v0.4.0 (registry `rsproxy-sparse`)
  Downloaded icu_normalizer v2.3.0 (registry `rsproxy-sparse`)
  Downloaded itertools v0.11.0 (registry `rsproxy-sparse`)
  Downloaded ipnet v2.12.2 (registry `rsproxy-sparse`)
  Downloaded chrono v0.4.45 (registry `rsproxy-sparse`)
  Downloaded multiversion-macros v0.9.0 (registry `rsproxy-sparse`)
  Downloaded heapless v0.7.17 (registry `rsproxy-sparse`)
  Downloaded num-bigint v0.4.8 (registry `rsproxy-sparse`)
  Downloaded dyn-clone v1.0.20 (registry `rsproxy-sparse`)
  Downloaded pkcs1 v0.7.5 (registry `rsproxy-sparse`)
  Downloaded no_std_strings v0.1.3 (registry `rsproxy-sparse`)
  Downloaded malachite-float v0.4.22 (registry `rsproxy-sparse`)
  Downloaded num-bigint-dig v0.8.6 (registry `rsproxy-sparse`)
  Downloaded lru-slab v0.1.3 (registry `rsproxy-sparse`)
  Downloaded schemars v0.9.0 (registry `rsproxy-sparse`)
  Downloaded equivalent v1.0.2 (registry `rsproxy-sparse`)
  Downloaded bitflags v2.13.2 (registry `rsproxy-sparse`)
  Downloaded atomic-waker v1.1.2 (registry `rsproxy-sparse`)
  Downloaded bytemuck v1.25.2 (registry `rsproxy-sparse`)
  Downloaded futures-util v0.3.34 (registry `rsproxy-sparse`)
  Downloaded arrayvec v0.7.8 (registry `rsproxy-sparse`)
  Downloaded hashlink v0.10.0 (registry `rsproxy-sparse`)
  Downloaded num-iter v0.1.46 (registry `rsproxy-sparse`)
  Downloaded futures v0.3.34 (registry `rsproxy-sparse`)
  Downloaded pem-rfc7468 v0.7.0 (registry `rsproxy-sparse`)
  Downloaded ark-bn254 v0.5.0 (registry `rsproxy-sparse`)
  Downloaded parking_lot v0.12.5 (registry `rsproxy-sparse`)
  Downloaded educe v0.6.0 (registry `rsproxy-sparse`)
  Downloaded http-body-util v0.1.5 (registry `rsproxy-sparse`)
  Downloaded borsh-derive v1.8.1 (registry `rsproxy-sparse`)
  Downloaded num-traits v0.2.19 (registry `rsproxy-sparse`)
  Downloaded object v0.36.7 (registry `rsproxy-sparse`)
  Downloaded serde_core v1.0.229 (registry `rsproxy-sparse`)
  Downloaded tracing-attributes v0.1.31 (registry `rsproxy-sparse`)
  Downloaded erased-serde v0.4.10 (registry `rsproxy-sparse`)
  Downloaded iana-time-zone v0.1.65 (registry `rsproxy-sparse`)
  Downloaded itoa v1.0.18 (registry `rsproxy-sparse`)
  Downloaded hashbrown v0.17.1 (registry `rsproxy-sparse`)
  Downloaded flate2 v1.1.10 (registry `rsproxy-sparse`)
  Downloaded proc-macro2 v1.0.107 (registry `rsproxy-sparse`)
  Downloaded itertools v0.13.0 (registry `rsproxy-sparse`)
  Downloaded ark-serialize-derive v0.5.0 (registry `rsproxy-sparse`)
  Downloaded enum-map-derive v0.17.0 (registry `rsproxy-sparse`)
  Downloaded fastrand v2.5.0 (registry `rsproxy-sparse`)
  Downloaded ruint v1.20.1 (registry `rsproxy-sparse`)
  Downloaded nvtx v1.3.0 (registry `rsproxy-sparse`)
  Downloaded futures-macro v0.3.34 (registry `rsproxy-sparse`)
  Downloaded rand_core v0.9.5 (registry `rsproxy-sparse`)
  Downloaded find-msvc-tools v0.1.13 (registry `rsproxy-sparse`)
  Downloaded jiff v0.2.37 (registry `rsproxy-sparse`)
  Downloaded http-body v1.1.0 (registry `rsproxy-sparse`)
  Downloaded smallvec v1.16.1 (registry `rsproxy-sparse`)
  Downloaded yoke-derive v0.8.3 (registry `rsproxy-sparse`)
  Downloaded indexmap v1.9.3 (registry `rsproxy-sparse`)
  Downloaded serde v1.0.229 (registry `rsproxy-sparse`)
  Downloaded borsh v1.8.1 (registry `rsproxy-sparse`)
  Downloaded foldhash v0.1.5 (registry `rsproxy-sparse`)
  Downloaded num_enum v0.7.6 (registry `rsproxy-sparse`)
  Downloaded getrandom v0.3.4 (registry `rsproxy-sparse`)
  Downloaded postcard v1.1.3 (registry `rsproxy-sparse`)
  Downloaded pkcs8 v0.10.2 (registry `rsproxy-sparse`)
  Downloaded elf v0.7.4 (registry `rsproxy-sparse`)
  Downloaded anyhow v1.0.104 (registry `rsproxy-sparse`)
  Downloaded ark-relations v0.5.1 (registry `rsproxy-sparse`)
  Downloaded derivative v2.2.0 (registry `rsproxy-sparse`)
  Downloaded ark-ff-macros v0.4.2 (registry `rsproxy-sparse`)
  Downloaded hyper-rustls v0.27.9 (registry `rsproxy-sparse`)
  Downloaded tap v1.0.1 (registry `rsproxy-sparse`)
  Downloaded log v0.4.34 (registry `rsproxy-sparse`)
  Downloaded ahash v0.8.12 (registry `rsproxy-sparse`)
  Downloaded serde_with v3.23.0 (registry `rsproxy-sparse`)
  Downloaded fnv v1.0.7 (registry `rsproxy-sparse`)
  Downloaded base64 v0.23.1 (registry `rsproxy-sparse`)
  Downloaded parking_lot_core v0.9.12 (registry `rsproxy-sparse`)
  Downloaded paste v1.0.15 (registry `rsproxy-sparse`)
  Downloaded bitvec v1.1.1 (registry `rsproxy-sparse`)
  Downloaded prost-derive v0.13.5 (registry `rsproxy-sparse`)
  Downloaded hashbrown v0.12.3 (registry `rsproxy-sparse`)
  Downloaded include_bytes_aligned v0.1.4 (registry `rsproxy-sparse`)
  Downloaded adler2 v2.0.1 (registry `rsproxy-sparse`)
  Downloaded ark-crypto-primitives-macros v0.5.0 (registry `rsproxy-sparse`)
  Downloaded ppv-lite86 v0.2.21 (registry `rsproxy-sparse`)
  Downloaded ark-ff-asm v0.5.0 (registry `rsproxy-sparse`)
  Downloaded enum-ordinalize v4.4.2 (registry `rsproxy-sparse`)
  Downloaded futures-executor v0.3.34 (registry `rsproxy-sparse`)
  Downloaded mio v1.2.3 (registry `rsproxy-sparse`)
  Downloaded risc0-circuit-recursion v4.0.5 (registry `rsproxy-sparse`)
  Downloaded pkg-config v0.3.34 (registry `rsproxy-sparse`)
  Downloaded ark-ff-asm v0.4.2 (registry `rsproxy-sparse`)
  Downloaded risc0-sys v1.5.0 (registry `rsproxy-sparse`)
  Downloaded webpki-roots v1.0.9 (registry `rsproxy-sparse`)
  Downloaded encoding_rs v0.8.41 (registry `rsproxy-sparse`)
  Downloaded enum-map v2.7.3 (registry `rsproxy-sparse`)
  Downloaded ndarray v0.16.1 (registry `rsproxy-sparse`)
  Downloaded blake2 v0.10.6 (registry `rsproxy-sparse`)
  Downloaded derive_more v2.1.1 (registry `rsproxy-sparse`)
  Downloaded icu_collections v2.3.0 (registry `rsproxy-sparse`)
  Downloaded icu_properties v2.3.0 (registry `rsproxy-sparse`)
  Downloaded funty v2.0.0 (registry `rsproxy-sparse`)
  Downloaded cfg_aliases v0.2.2 (registry `rsproxy-sparse`)
  Downloaded regex-automata v0.4.18 (registry `rsproxy-sparse`)
  Downloaded pastey v0.2.3 (registry `rsproxy-sparse`)
  Downloaded hyper-util v0.1.20 (registry `rsproxy-sparse`)
  Downloaded toml v0.8.23 (registry `rsproxy-sparse`)
  Downloaded hashbrown v0.13.2 (registry `rsproxy-sparse`)
  Downloaded tracing v0.1.44 (registry `rsproxy-sparse`)
  Downloaded downcast-rs v1.2.1 (registry `rsproxy-sparse`)
  Downloaded time v0.3.55 (registry `rsproxy-sparse`)
  Downloaded ark-ff-macros v0.5.0 (registry `rsproxy-sparse`)
  Downloaded ref-cast v1.0.27 (registry `rsproxy-sparse`)
  Downloaded rzup v0.5.2 (registry `rsproxy-sparse`)
  Downloaded chacha20 v0.10.2 (registry `rsproxy-sparse`)
  Downloaded darling v0.20.11 (registry `rsproxy-sparse`)
  Downloaded ark-serialize-derive v0.4.2 (registry `rsproxy-sparse`)
  Downloaded want v0.3.1 (registry `rsproxy-sparse`)
  Downloaded radium v0.7.0 (registry `rsproxy-sparse`)
  Downloaded base64 v0.22.1 (registry `rsproxy-sparse`)
  Downloaded getrandom v0.2.17 (registry `rsproxy-sparse`)
  Downloaded hyper v1.11.1 (registry `rsproxy-sparse`)
  Downloaded bincode v1.3.3 (registry `rsproxy-sparse`)
  Downloaded unarray v0.1.4 (registry `rsproxy-sparse`)
  Downloaded dirs-sys v0.5.0 (registry `rsproxy-sparse`)
  Downloaded linux-raw-sys v0.12.1 (registry `rsproxy-sparse`)
  Downloaded matrixmultiply v0.3.11 (registry `rsproxy-sparse`)
  Downloaded form_urlencoded v1.2.2 (registry `rsproxy-sparse`)
  Downloaded inventory v0.3.24 (registry `rsproxy-sparse`)
  Downloaded num_enum_derive v0.7.6 (registry `rsproxy-sparse`)
  Downloaded libc v0.2.189 (registry `rsproxy-sparse`)
  Downloaded ark-std v0.4.0 (registry `rsproxy-sparse`)
  Downloaded aho-corasick v1.1.5 (registry `rsproxy-sparse`)
  Downloaded proptest v1.11.0 (registry `rsproxy-sparse`)
  Downloaded rustc_version v0.4.1 (registry `rsproxy-sparse`)
  Downloaded generic-array v0.14.7 (registry `rsproxy-sparse`)
  Downloaded either v1.18.0 (registry `rsproxy-sparse`)
  Downloaded futures-sink v0.3.34 (registry `rsproxy-sparse`)
  Downloaded gdbstub_arch v0.3.3 (registry `rsproxy-sparse`)
  Downloaded libm v0.2.16 (registry `rsproxy-sparse`)
  Downloaded scopeguard v1.2.0 (registry `rsproxy-sparse`)
  Downloaded ark-groth16 v0.5.0 (registry `rsproxy-sparse`)
  Downloaded crossbeam-epoch v0.9.21 (registry `rsproxy-sparse`)
  Downloaded thiserror v1.0.69 (registry `rsproxy-sparse`)
  Downloaded ryu v1.0.23 (registry `rsproxy-sparse`)
  Downloaded ark-ec v0.5.0 (registry `rsproxy-sparse`)
  Downloaded gimli v0.31.1 (registry `rsproxy-sparse`)
  Downloaded regex v1.13.1 (registry `rsproxy-sparse`)
  Downloaded icu_normalizer_data v2.3.0 (registry `rsproxy-sparse`)
  Downloaded errno v0.3.14 (registry `rsproxy-sparse`)
  Downloaded dirs v6.0.0 (registry `rsproxy-sparse`)
  Downloaded zmij v1.0.23 (registry `rsproxy-sparse`)
  Downloaded ff_derive v0.13.1 (registry `rsproxy-sparse`)
  Downloaded rand_chacha v0.3.1 (registry `rsproxy-sparse`)
  Downloaded powerfmt v0.2.0 (registry `rsproxy-sparse`)
  Downloaded potential_utf v0.1.6 (registry `rsproxy-sparse`)
  Downloaded quinn v0.11.12 (registry `rsproxy-sparse`)
  Downloaded multiversion_no_op v1.0.0 (registry `rsproxy-sparse`)
  Downloaded multiversion v0.9.0 (registry `rsproxy-sparse`)
  Downloaded unicode-xid v0.2.6 (registry `rsproxy-sparse`)
  Downloaded fallible-iterator v0.3.0 (registry `rsproxy-sparse`)
  Downloaded puffin v0.19.1 (registry `rsproxy-sparse`)
  Downloaded tinyvec v1.13.3 (registry `rsproxy-sparse`)
  Downloaded ident_case v1.0.1 (registry `rsproxy-sparse`)
  Downloaded pin-project-lite v0.2.17 (registry `rsproxy-sparse`)
  Downloaded ark-bn254 v0.4.0 (registry `rsproxy-sparse`)
  Downloaded arraydeque v0.5.1 (registry `rsproxy-sparse`)
  Downloaded litemap v0.8.3 (registry `rsproxy-sparse`)
  Downloaded zip v2.4.2 (registry `rsproxy-sparse`)
  Downloaded heck v0.5.0 (registry `rsproxy-sparse`)
  Downloaded block-buffer v0.10.4 (registry `rsproxy-sparse`)
  Downloaded ark-serialize v0.5.0 (registry `rsproxy-sparse`)
  Downloaded thiserror-impl v1.0.69 (registry `rsproxy-sparse`)
  Downloaded enum-ordinalize-derive v4.4.2 (registry `rsproxy-sparse`)
  Downloaded percent-encoding v2.3.2 (registry `rsproxy-sparse`)
  Downloaded toml_datetime v1.1.1+spec-1.1.0 (registry `rsproxy-sparse`)
  Downloaded typetag-impl v0.2.23 (registry `rsproxy-sparse`)
  Downloaded autocfg v1.5.1 (registry `rsproxy-sparse`)
  Downloaded ark-ec v0.4.2 (registry `rsproxy-sparse`)
  Downloaded futures-channel v0.3.34 (registry `rsproxy-sparse`)
  Downloaded lazy-regex v3.6.1 (registry `rsproxy-sparse`)
  Downloaded risc0-zkp v3.0.5 (registry `rsproxy-sparse`)
  Downloaded bit-vec v0.8.0 (registry `rsproxy-sparse`)
  Downloaded rustls-webpki v0.103.15 (registry `rsproxy-sparse`)
  Downloaded toml_parser v1.1.3+spec-1.1.0 (registry `rsproxy-sparse`)
  Downloaded static_assertions v1.1.0 (registry `rsproxy-sparse`)
  Downloaded http v1.5.0 (registry `rsproxy-sparse`)
  Downloaded untrusted v0.9.0 (registry `rsproxy-sparse`)
  Downloaded hash32 v0.2.1 (registry `rsproxy-sparse`)
  Downloaded idna v1.1.0 (registry `rsproxy-sparse`)
  Downloaded keccak v0.1.6 (registry `rsproxy-sparse`)
  Downloaded risc0-circuit-rv32im v4.0.5 (registry `rsproxy-sparse`)
  Downloaded tower-layer v0.3.3 (registry `rsproxy-sparse`)
  Downloaded rustls v0.23.45 (registry `rsproxy-sparse`)
  Downloaded ff v0.13.1 (registry `rsproxy-sparse`)
  Downloaded hex-literal v0.4.1 (registry `rsproxy-sparse`)
  Downloaded rawpointer v0.2.1 (registry `rsproxy-sparse`)
  Downloaded sync_wrapper v1.0.2 (registry `rsproxy-sparse`)
  Downloaded bs58 v0.5.1 (registry `rsproxy-sparse`)
  Downloaded bytemuck_derive v1.12.1 (registry `rsproxy-sparse`)
  Downloaded crossbeam-deque v0.8.8 (registry `rsproxy-sparse`)
  Downloaded downloader v0.2.8 (registry `rsproxy-sparse`)
  Downloaded jobserver v0.1.35 (registry `rsproxy-sparse`)
  Downloaded thiserror-impl v2.0.20 (registry `rsproxy-sparse`)
  Downloaded tower v0.5.3 (registry `rsproxy-sparse`)
  Downloaded lock_api v0.4.14 (registry `rsproxy-sparse`)
  Downloaded serde_with_macros v3.23.0 (registry `rsproxy-sparse`)
  Downloaded toml_write v0.1.2 (registry `rsproxy-sparse`)
  Downloaded zlib-rs v0.6.8 (registry `rsproxy-sparse`)
  Downloaded derive_more-impl v2.1.1 (registry `rsproxy-sparse`)
  Downloaded time-core v0.1.9 (registry `rsproxy-sparse`)
  Downloaded defmt-parser v1.0.0 (registry `rsproxy-sparse`)
  Downloaded ark-ff v0.5.0 (registry `rsproxy-sparse`)
  Downloaded liblzma-sys v0.4.9 (registry `rsproxy-sparse`)
  Downloaded time-macros v0.2.32 (registry `rsproxy-sparse`)
  Downloaded rand_pcg v0.10.2 (registry `rsproxy-sparse`)
  Downloaded simd-adler32 v0.3.10 (registry `rsproxy-sparse`)
  Downloaded risc0-groth16 v3.0.5 (registry `rsproxy-sparse`)
  Downloaded getrandom v0.4.3 (registry `rsproxy-sparse`)
  Downloaded hex v0.4.3 (registry `rsproxy-sparse`)
  Downloaded ark-serialize v0.4.2 (registry `rsproxy-sparse`)
  Downloaded utf8_iter v1.0.4 (registry `rsproxy-sparse`)
  Downloaded rayon-core v1.13.0 (registry `rsproxy-sparse`)
  Downloaded rand_xorshift v0.4.0 (registry `rsproxy-sparse`)
  Downloaded docker-generate v0.1.3 (registry `rsproxy-sparse`)
  Downloaded rayon v1.12.0 (registry `rsproxy-sparse`)
  Downloaded zopfli v0.8.3 (registry `rsproxy-sparse`)
  Downloaded lazy_static v1.5.0 (registry `rsproxy-sparse`)
  Downloaded schemars v1.2.2 (registry `rsproxy-sparse`)
  Downloaded typenum v1.20.1 (registry `rsproxy-sparse`)
  Downloaded rustc-hash v2.1.3 (registry `rsproxy-sparse`)
  Downloaded crypto-common v0.1.7 (registry `rsproxy-sparse`)
  Downloaded serde_urlencoded v0.7.1 (registry `rsproxy-sparse`)
  Downloaded itertools v0.10.5 (registry `rsproxy-sparse`)
  Downloaded quinn-udp v0.5.15 (registry `rsproxy-sparse`)
  Downloaded winnow v0.7.15 (registry `rsproxy-sparse`)
  Downloaded addr2line v0.24.2 (registry `rsproxy-sparse`)
  Downloaded rustc-demangle v0.1.28 (registry `rsproxy-sparse`)
  Downloaded valuable v0.1.1 (registry `rsproxy-sparse`)
  Downloaded cpufeatures v0.3.1 (registry `rsproxy-sparse`)
  Downloaded ark-std v0.5.0 (registry `rsproxy-sparse`)
  Downloaded regex-syntax v0.8.11 (registry `rsproxy-sparse`)
  Downloaded rrs-lib v0.1.0 (registry `rsproxy-sparse`)
  Downloaded camino v1.2.6 (registry `rsproxy-sparse`)
  Downloaded indexmap v2.14.2 (registry `rsproxy-sparse`)
  Downloaded tower-http v0.6.11 (registry `rsproxy-sparse`)
  Downloaded risc0-zkos-v1compat v2.2.3 (registry `rsproxy-sparse`)
  Downloaded displaydoc v0.2.7 (registry `rsproxy-sparse`)
  Downloaded httparse v1.10.1 (registry `rsproxy-sparse`)
  Downloaded ruint-macro v1.2.1 (registry `rsproxy-sparse`)
  Downloaded futures-core v0.3.34 (registry `rsproxy-sparse`)
  Downloaded idna_adapter v1.2.2 (registry `rsproxy-sparse`)
  Downloaded zeroize_derive v1.5.0 (registry `rsproxy-sparse`)
  Downloaded stable_deref_trait v1.2.1 (registry `rsproxy-sparse`)
  Downloaded bumpalo v3.20.3 (registry `rsproxy-sparse`)
  Downloaded tokio v1.53.1 (registry `rsproxy-sparse`)
  Downloaded hashbrown v0.15.5 (registry `rsproxy-sparse`)
  Downloaded strum v0.27.2 (registry `rsproxy-sparse`)
  Downloaded derive_builder_core v0.20.2 (registry `rsproxy-sparse`)
  Downloaded bytes v1.12.1 (registry `rsproxy-sparse`)
  Downloaded itertools v0.14.0 (registry `rsproxy-sparse`)
  Downloaded zerofrom-derive v0.1.8 (registry `rsproxy-sparse`)
  Downloaded darling_core v0.24.1 (registry `rsproxy-sparse`)
  Downloaded darling_macro v0.20.11 (registry `rsproxy-sparse`)
  Downloaded futures-task v0.3.34 (registry `rsproxy-sparse`)
  Downloaded ark-poly v0.4.2 (registry `rsproxy-sparse`)
  Downloaded shlex v2.0.1 (registry `rsproxy-sparse`)
  Downloaded reqwest v0.12.28 (registry `rsproxy-sparse`)
  Downloaded darling_core v0.20.11 (registry `rsproxy-sparse`)
  Downloaded serde_spanned v0.6.9 (registry `rsproxy-sparse`)
  Downloaded ref-cast-impl v1.0.27 (registry `rsproxy-sparse`)
  Downloaded ark-snark v0.5.1 (registry `rsproxy-sparse`)
  Downloaded risc0-zkvm-platform v2.2.3 (registry `rsproxy-sparse`)
  Downloaded risc0-build v3.0.6 (registry `rsproxy-sparse`)
  Downloaded icu_properties_data v2.3.0 (registry `rsproxy-sparse`)
  Downloaded tokio-rustls v0.26.5 (registry `rsproxy-sparse`)
  Downloaded risc0-circuit-rv32im-sys v4.0.3 (registry `rsproxy-sparse`)
  Downloaded yaml-rust2 v0.10.4 (registry `rsproxy-sparse`)
  Downloaded ark-r1cs-std v0.5.0 (registry `rsproxy-sparse`)
  Downloaded syn v1.0.109 (registry `rsproxy-sparse`)
  Downloaded synstructure v0.14.0 (registry `rsproxy-sparse`)
  Downloaded bitflags v1.3.2 (registry `rsproxy-sparse`)
  Downloaded tinystr v0.8.4 (registry `rsproxy-sparse`)
  Downloaded deranged v0.5.8 (registry `rsproxy-sparse`)
  Downloaded risc0-binfmt v3.0.5 (registry `rsproxy-sparse`)
  Downloaded slab v0.4.12 (registry `rsproxy-sparse`)
  Downloaded syn v2.0.119 (registry `rsproxy-sparse`)
  Downloaded safe_arch v0.7.4 (registry `rsproxy-sparse`)
  Downloaded ark-crypto-primitives v0.5.0 (registry `rsproxy-sparse`)
  Downloaded der v0.7.10 (registry `rsproxy-sparse`)
  Downloaded derive_builder_macro v0.20.2 (registry `rsproxy-sparse`)
  Downloaded base64ct v1.8.3 (registry `rsproxy-sparse`)
  Downloaded allocator-api2 v0.2.21 (registry `rsproxy-sparse`)
  Downloaded icu_locale_core v2.3.0 (registry `rsproxy-sparse`)
  Downloaded typetag v0.2.23 (registry `rsproxy-sparse`)
  Downloaded cpp_demangle v0.4.5 (registry `rsproxy-sparse`)
  Downloaded yoke v0.8.3 (registry `rsproxy-sparse`)
  Downloaded core_detect v1.0.0 (registry `rsproxy-sparse`)
  Downloaded rand_core v0.6.4 (registry `rsproxy-sparse`)
  Downloaded zerotrie v0.2.5 (registry `rsproxy-sparse`)
  Downloaded darling v0.24.1 (registry `rsproxy-sparse`)
  Downloaded risc0-core v3.0.2 (registry `rsproxy-sparse`)
  Downloaded ring v0.17.14 (registry `rsproxy-sparse`)
  Downloaded socket2 v0.6.5 (registry `rsproxy-sparse`)
  Downloaded zerovec v0.11.8 (registry `rsproxy-sparse`)
  Downloaded toml_datetime v0.6.11 (registry `rsproxy-sparse`)
  Downloaded rustix v1.1.5 (registry `rsproxy-sparse`)
  Downloaded signature v2.2.0 (registry `rsproxy-sparse`)
  Downloaded strsim v0.11.1 (registry `rsproxy-sparse`)
  Downloaded cobs v0.3.0 (registry `rsproxy-sparse`)
  Downloaded const-oid v0.9.6 (registry `rsproxy-sparse`)
  Downloaded digest v0.10.7 (registry `rsproxy-sparse`)
  Downloaded liblzma v0.4.8 (registry `rsproxy-sparse`)
  Downloaded gdbstub v0.7.10 (registry `rsproxy-sparse`)
  Downloaded rand v0.10.2 (registry `rsproxy-sparse`)
  Downloaded wyz v0.5.1 (registry `rsproxy-sparse`)
  Downloaded malachite v0.4.22 (registry `rsproxy-sparse`)
  Downloaded thiserror v2.0.20 (registry `rsproxy-sparse`)
  Downloaded glob v0.3.4 (registry `rsproxy-sparse`)
  Downloaded tempfile v3.27.0 (registry `rsproxy-sparse`)
  Downloaded defmt-macros v1.1.1 (registry `rsproxy-sparse`)
  Downloaded embedded-io v0.6.1 (registry `rsproxy-sparse`)
  Downloaded quote v1.0.47 (registry `rsproxy-sparse`)
  Downloaded strum_macros v0.27.2 (registry `rsproxy-sparse`)
  Downloaded serde_derive v1.0.229 (registry `rsproxy-sparse`)
  Downloaded winnow v1.0.4 (registry `rsproxy-sparse`)
  Downloaded rand_core v0.10.1 (registry `rsproxy-sparse`)
  Downloaded lazy-regex-proc_macros v3.6.1 (registry `rsproxy-sparse`)
  Downloaded ark-ff v0.4.2 (registry `rsproxy-sparse`)
  Downloaded simdutf8 v0.1.5 (registry `rsproxy-sparse`)
  Downloaded hashbrown v0.14.5 (registry `rsproxy-sparse`)
  Downloaded cpufeatures v0.2.17 (registry `rsproxy-sparse`)
  Downloaded risc0-build-kernel v2.0.1 (registry `rsproxy-sparse`)
  Downloaded icu_provider v2.3.1 (registry `rsproxy-sparse`)
  Downloaded zerocopy v0.8.57 (registry `rsproxy-sparse`)
  Downloaded writeable v0.6.4 (registry `rsproxy-sparse`)
  Downloaded ruzstd v0.7.3 (registry `rsproxy-sparse`)
  Downloaded tracing-subscriber v0.2.25 (registry `rsproxy-sparse`)
  Downloaded ark-poly v0.5.0 (registry `rsproxy-sparse`)
  Downloaded zerofrom v0.1.8 (registry `rsproxy-sparse`)
  Downloaded rand v0.8.8 (registry `rsproxy-sparse`)
  Downloaded byteorder v1.5.0 (registry `rsproxy-sparse`)
  Downloaded defmt v1.1.1 (registry `rsproxy-sparse`)
  Downloaded cc v1.4.7 (registry `rsproxy-sparse`)
  Downloaded quinn-proto v0.11.18 (registry `rsproxy-sparse`)
  Downloaded rustls-pki-types v1.15.1 (registry `rsproxy-sparse`)
  Downloaded spki v0.7.3 (registry `rsproxy-sparse`)
  Downloaded unicode-ident v1.0.26 (registry `rsproxy-sparse`)
  Downloaded zerovec-derive v0.11.6 (registry `rsproxy-sparse`)
  Downloaded cargo-platform v0.1.9 (registry `rsproxy-sparse`)
  Downloaded crossbeam-utils v0.8.23 (registry `rsproxy-sparse`)
  Downloaded derive_builder v0.20.2 (registry `rsproxy-sparse`)
  Downloaded rand v0.9.5 (registry `rsproxy-sparse`)
  Downloaded tower-service v0.3.3 (registry `rsproxy-sparse`)
  Downloaded semver v1.0.28 (registry `rsproxy-sparse`)
  Downloaded risc0-circuit-keccak-sys v4.0.3 (registry `rsproxy-sparse`)
  Downloaded url v2.5.8 (registry `rsproxy-sparse`)
  Downloaded toml_edit v0.25.15+spec-1.1.0 (registry `rsproxy-sparse`)
  Downloaded rustversion v1.0.23 (registry `rsproxy-sparse`)
  Downloaded try-lock v0.2.5 (registry `rsproxy-sparse`)
  Downloaded cfg-if v1.0.5 (registry `rsproxy-sparse`)
  Downloaded crc32fast v1.5.2 (registry `rsproxy-sparse`)
  Downloaded tracing-core v0.1.36 (registry `rsproxy-sparse`)
  Downloaded toml_edit v0.22.27 (registry `rsproxy-sparse`)
  Downloaded serde_json v1.0.151 (registry `rsproxy-sparse`)
  Downloaded risc0-zkvm v3.0.6 (registry `rsproxy-sparse`)
  Downloaded rsa v0.9.10 (registry `rsproxy-sparse`)
  Downloaded wide v0.7.33 (registry `rsproxy-sparse`)
  Downloaded zeroize v1.9.0 (registry `rsproxy-sparse`)
  Downloaded darling_macro v0.24.1 (registry `rsproxy-sparse`)
  Downloaded sha2 v0.10.9 (registry `rsproxy-sparse`)
  Downloaded twox-hash v1.6.3 (registry `rsproxy-sparse`)
  Downloaded directories v6.0.0 (registry `rsproxy-sparse`)
  Downloaded rand_chacha v0.9.0 (registry `rsproxy-sparse`)
  Downloaded ringbuffer v0.15.0 (registry `rsproxy-sparse`)
  Downloaded risc0-circuit-keccak v4.0.6 (registry `rsproxy-sparse`)
  Downloaded stability v0.2.1 (registry `rsproxy-sparse`)
  Downloaded cargo_metadata v0.19.2 (registry `rsproxy-sparse`)
  Downloaded subtle v2.6.1 (registry `rsproxy-sparse`)
  Downloaded typed-arena v2.0.2 (registry `rsproxy-sparse`)
  Downloaded spin v0.9.9 (registry `rsproxy-sparse`)
  Downloaded syn v3.0.6 (registry `rsproxy-sparse`)
  Downloaded typeid v1.0.3 (registry `rsproxy-sparse`)
  Downloaded version_check v0.9.5 (registry `rsproxy-sparse`)
  Downloaded risc0-circuit-recursion-sys v4.0.3 (registry `rsproxy-sparse`)
   Compiling risc0-circuit-keccak-sys v4.0.3
