warning: unused import: `ark_relations::r1cs::ConstraintSynthesizer`
  --> src/proof.rs:24:5
   |
24 | use ark_relations::r1cs::ConstraintSynthesizer;
   |     ^^^^^^^^^^^^^^^^^^^^^^^^^^^^^^^^^^^^^^^^^^
   |
   = note: `#[warn(unused_imports)]` (part of `#[warn(unused)]`) on by default

warning: unused import: `ark_ff::PrimeField`
  --> src/rsep.rs:13:5
   |
13 | use ark_ff::PrimeField;
   |     ^^^^^^^^^^^^^^^^^^

warning: unused import: `Blake2b512`
  --> src/wots.rs:24:14
   |
24 | use blake2::{Blake2b512, Digest};
   |              ^^^^^^^^^^

warning: unused import: `self`
  --> src/xmss.rs:16:5
   |
16 |     self, expand_seed, h2, ltree, message_digits, pk_from_sk, pk_from_sig,
   |     ^^^^

warning: unused import: `Digest`
  --> src/wots.rs:24:26
   |
24 | use blake2::{Blake2b512, Digest};
   |                          ^^^^^^

warning: unused import: `ark_ff::Zero`
  --> src/xmss.rs:20:5
   |
20 | use ark_ff::Zero;
   |     ^^^^^^^^^^^^

warning: variable does not need to be mutable
  --> src/poseidon.rs:51:13
   |
51 |         let mut next = |label: u8, idx: u64| -> Fr {
   |             ----^^^^
   |             |
   |             help: remove this `mut`
   |
   = note: `#[warn(unused_mut)]` (part of `#[warn(unused)]`) on by default

warning: missing documentation for a struct field
  --> src/errors.rs:11:27
   |
11 |     LeafIndexOutOfRange { index: u64, h: u8 },
   |                           ^^^^^^^^^^
   |
note: the lint level is defined here
  --> src/lib.rs:17:9
   |
17 | #![warn(missing_docs)]
   |         ^^^^^^^^^^^^

warning: missing documentation for a struct field
  --> src/errors.rs:11:39
   |
11 |     LeafIndexOutOfRange { index: u64, h: u8 },
   |                                       ^^^^^

warning: missing documentation for a struct field
  --> src/errors.rs:15:25
   |
15 |     LeafStateMismatch { index: u64, expected: LeafState },
   |                         ^^^^^^^^^^

warning: missing documentation for a struct field
  --> src/errors.rs:15:37
   |
15 |     LeafStateMismatch { index: u64, expected: LeafState },
   |                                     ^^^^^^^^^^^^^^^^^^^

warning: missing documentation for a struct field
  --> src/errors.rs:19:23
   |
19 |     CounterRollback { offered: u64, current: u64 },
   |                       ^^^^^^^^^^^^

warning: missing documentation for a struct field
  --> src/errors.rs:19:37
   |
19 |     CounterRollback { offered: u64, current: u64 },
   |                                     ^^^^^^^^^^^^

warning: `rsep-xmss` (lib) generated 13 warnings (run `cargo fix --lib -p rsep-xmss` to apply 5 suggestions)
    Finished `release` profile [optimized] target(s) in 0.33s
     Running `target/release/examples/measure 10 5`
# rsep-xmss measure: h=10, iters=5, msg=0x77*32
# prof=release; poseidon-domain=b"measure"; iso_reps=5
setup_sign_iso_ms: min=306.338 med=313.158 max=313.777 (n=5)
prove_sign_iso_ms: min=283.328 med=283.759 max=287.907 (n=5)
verify_sign_iso_ms: min=0.937 med=0.992 max=1.025 (n=5)  # placeholder-satisfied=false
keygen_ms: 109027.032
vmhwm_after_keygen_kib: 30444
xmss_sign_only_ms: 44.496
finalize_prove_ms: 273.227
finalize_verify_ms: 1.133
proof_bytes: 128
fin_proof_bytes: 128
vk_bytes: 424
xmss_sig_bytes: 2472
rsep_sig_extra_bytes: 168  # pi + c + root'
rsep_sig_total_bytes: 2640
sign_ms: min=318.293 med=318.986 max=321.759 (n=5) [319.242, 321.759, 318.986, 318.293, 318.761]
verify_e2e_ms: min=63.368 med=63.464 max=64.151 (n=5) [63.368, 63.464, 64.151, 63.381, 63.475]
groth16_verify_ms: min=1.126 med=1.139 max=1.175 (n=5) [1.126, 1.128, 1.172, 1.175, 1.139]
vmhwm_final_kib: 34940
wall_total_ms: 114258.504
