=== [5] Groth16 measure h=16 (long) ===
warning: unused import: `ark_relations::r1cs::ConstraintSynthesizer`
  --> src/proof.rs:24:5
   |
24 | use ark_relations::r1cs::ConstraintSynthesizer;
   |     ^^^^^^^^^^^^^^^^^^^^^^^^^^^^^^^^^^^^^^^^^^
   |
   = note: `#[warn(unused_imports)]` (part of `#[warn(unused)]`) on by default

warning: unused import: `ark_ff::PrimeField`
  --> src/rsep.rs:13:5
   |
13 | use ark_ff::PrimeField;
   |     ^^^^^^^^^^^^^^^^^^

warning: unused import: `Blake2b512`
  --> src/wots.rs:24:14
   |
24 | use blake2::{Blake2b512, Digest};
   |              ^^^^^^^^^^

warning: unused import: `self`
  --> src/xmss.rs:16:5
   |
16 |     self, expand_seed, h2, ltree, message_digits, pk_from_sk, pk_from_sig,
   |     ^^^^

warning: unused import: `Digest`
  --> src/wots.rs:24:26
   |
24 | use blake2::{Blake2b512, Digest};
   |                          ^^^^^^

warning: unused import: `ark_ff::Zero`
  --> src/xmss.rs:20:5
   |
20 | use ark_ff::Zero;
   |     ^^^^^^^^^^^^

warning: variable does not need to be mutable
  --> src/poseidon.rs:51:13
   |
51 |         let mut next = |label: u8, idx: u64| -> Fr {
   |             ----^^^^
   |             |
   |             help: remove this `mut`
   |
   = note: `#[warn(unused_mut)]` (part of `#[warn(unused)]`) on by default

warning: missing documentation for a struct field
  --> src/errors.rs:11:27
   |
11 |     LeafIndexOutOfRange { index: u64, h: u8 },
   |                           ^^^^^^^^^^
   |
note: the lint level is defined here
  --> src/lib.rs:17:9
   |
17 | #![warn(missing_docs)]
   |         ^^^^^^^^^^^^

warning: missing documentation for a struct field
  --> src/errors.rs:11:39
   |
11 |     LeafIndexOutOfRange { index: u64, h: u8 },
   |                                       ^^^^^

warning: missing documentation for a struct field
  --> src/errors.rs:15:25
   |
15 |     LeafStateMismatch { index: u64, expected: LeafState },
   |                         ^^^^^^^^^^

warning: missing documentation for a struct field
  --> src/errors.rs:15:37
   |
15 |     LeafStateMismatch { index: u64, expected: LeafState },
   |                                     ^^^^^^^^^^^^^^^^^^^

warning: missing documentation for a struct field
  --> src/errors.rs:19:23
   |
19 |     CounterRollback { offered: u64, current: u64 },
   |                       ^^^^^^^^^^^^

warning: missing documentation for a struct field
  --> src/errors.rs:19:37
   |
19 |     CounterRollback { offered: u64, current: u64 },
   |                                     ^^^^^^^^^^^^

warning: `rsep-xmss` (lib) generated 13 warnings (run `cargo fix --lib -p rsep-xmss` to apply 5 suggestions)
    Finished `release` profile [optimized] target(s) in 0.09s
     Running `target/release/examples/measure 16 5`
# rsep-xmss measure: h=16, iters=5, msg=0x77*32
# prof=release; poseidon-domain=b"measure"; iso_reps=5
setup_sign_iso_ms: min=474.310 med=482.773 max=496.768 (n=5)
prove_sign_iso_ms: min=440.321 med=441.819 max=445.734 (n=5)
verify_sign_iso_ms: min=0.884 med=0.902 max=0.986 (n=5)  # placeholder-satisfied=false
keygen_ms: 6853257.201
vmhwm_after_keygen_kib: 57648
xmss_sign_only_ms: 44.284
finalize_prove_ms: 436.533
finalize_verify_ms: 1.228
proof_bytes: 128
fin_proof_bytes: 128
vk_bytes: 424
xmss_sig_bytes: 2664
rsep_sig_extra_bytes: 168  # pi + c + root'
rsep_sig_total_bytes: 2832
sign_ms: min=482.615 med=482.851 max=486.018 (n=5) [482.696, 482.615, 486.018, 485.137, 482.851]
verify_e2e_ms: min=63.295 med=63.544 max=64.215 (n=5) [63.439, 63.918, 64.215, 63.295, 63.544]
groth16_verify_ms: min=1.098 med=1.144 max=1.165 (n=5) [1.098, 1.165, 1.139, 1.149, 1.144]
vmhwm_final_kib: 65916
wall_total_ms: 6861115.084
REPRO-DONE step=h16 2026-10-02T08:08:45+00:00
V4-H16-EXIT=0
