[16:50:21] O2 compiling rv-obj/eval_check.o ...
[16:50:21] compiled rv-obj/eval_check.o (3344 B)
[16:50:21] O2 compiling rv-obj/ffi.o ...
[16:50:23] compiled rv-obj/ffi.o (399368 B)
[16:50:23] O2 compiling rv-obj/rust_poly_fp_0.o ...
[16:50:59] compiled rv-obj/rust_poly_fp_0.o (681200 B)
[16:50:59] O2 compiling rv-obj/rust_poly_fp_1.o ...
[16:51:14] compiled rv-obj/rust_poly_fp_1.o (484464 B)
[16:51:14] O2 compiling rv-obj/rust_poly_fp_2.o ...
[16:51:36] compiled rv-obj/rust_poly_fp_2.o (396840 B)
[16:51:36] O2 compiling rv-obj/rust_poly_fp_3.o ...
[16:52:19] compiled rv-obj/rust_poly_fp_3.o (429520 B)
[16:52:19] O2 compiling rv-obj/steps.o ...
[16:53:15] compiled rv-obj/steps.o (1537840 B)
[16:53:15] O2 compiling rec-obj/extern.o ...
[16:53:16] compiled rec-obj/extern.o (7336 B)
[16:53:16] O2 compiling rec-obj/ffi.o ...
[16:53:18] compiled rec-obj/ffi.o (741904 B)
[16:53:18] O2 compiling rec-obj/poly_fp.o ...
[16:54:30] compiled rec-obj/poly_fp.o (762584 B)
[16:54:30] O2 compiling rec-obj/step_compute_accum.o ...
[16:54:42] compiled rec-obj/step_compute_accum.o (428448 B)
[16:54:42] O2 compiling rec-obj/step_exec.o ...
[16:55:10] compiled rec-obj/step_exec.o (1434456 B)
[16:55:10] O2 compiling rec-obj/step_verify_accum.o ...
[16:55:14] compiled rec-obj/step_verify_accum.o (227104 B)
[16:55:14] O2 compiling rec-obj/step_verify_bytes.o ...
[16:55:14] compiled rec-obj/step_verify_bytes.o (1416 B)
[16:55:14] O2 compiling rec-obj/step_verify_mem.o ...
[16:55:16] compiled rec-obj/step_verify_mem.o (270720 B)
[16:55:16] O2 compiling kk-obj/eval_check.o ...
[16:55:16] compiled kk-obj/eval_check.o (3344 B)
[16:55:16] O2 compiling kk-obj/ffi.o ...
[16:55:17] compiled kk-obj/ffi.o (115736 B)
[16:55:17] O2 compiling kk-obj/rust_poly_fp_0.o ...
[16:55:57] compiled kk-obj/rust_poly_fp_0.o (940448 B)
[16:55:57] O2 compiling kk-obj/rust_poly_fp_1.o ...
[16:56:34] compiled kk-obj/rust_poly_fp_1.o (964992 B)
[16:56:34] O2 compiling kk-obj/rust_poly_fp_2.o ...
[16:57:12] compiled kk-obj/rust_poly_fp_2.o (900664 B)
[16:57:12] O2 compiling kk-obj/rust_poly_fp_3.o ...
[16:57:47] compiled kk-obj/rust_poly_fp_3.o (674600 B)
[16:57:47] O2 compiling kk-obj/rust_poly_fp_4.o ...
[16:58:19] compiled kk-obj/rust_poly_fp_4.o (682568 B)
[16:58:19] O2 compiling kk-obj/steps_0.o ...
[16:58:42] compiled kk-obj/steps_0.o (767344 B)
[16:58:42] O2 compiling kk-obj/steps_1.o ...
[16:59:08] compiled kk-obj/steps_1.o (683384 B)
[16:59:08] O2 compiling kk-obj/steps_10.o ...
[16:59:10] compiled kk-obj/steps_10.o (186456 B)
[16:59:10] O2 compiling kk-obj/steps_11.o ...
[16:59:16] compiled kk-obj/steps_11.o (321112 B)
[16:59:16] O2 compiling kk-obj/steps_12.o ...
[16:59:29] compiled kk-obj/steps_12.o (316464 B)
[16:59:29] O2 compiling kk-obj/steps_13.o ...
[16:59:48] compiled kk-obj/steps_13.o (783872 B)
[16:59:48] O2 compiling kk-obj/steps_14.o ...
[16:59:56] compiled kk-obj/steps_14.o (518608 B)
[16:59:56] O2 compiling kk-obj/steps_15.o ...
[17:00:17] compiled kk-obj/steps_15.o (703712 B)
[17:00:17] O2 compiling kk-obj/steps_2.o ...
[17:00:38] compiled kk-obj/steps_2.o (740240 B)
[17:00:38] O2 compiling kk-obj/steps_3.o ...
[17:01:46] compiled kk-obj/steps_3.o (1227544 B)
[17:01:46] O2 compiling kk-obj/steps_4.o ...
[17:01:52] compiled kk-obj/steps_4.o (365408 B)
[17:01:52] O2 compiling kk-obj/steps_5.o ...
[17:01:53] compiled kk-obj/steps_5.o (107312 B)
[17:01:53] O2 compiling kk-obj/steps_6.o ...
[17:01:55] compiled kk-obj/steps_6.o (124528 B)
[17:01:55] O2 compiling kk-obj/steps_7.o ...
[17:01:56] compiled kk-obj/steps_7.o (32488 B)
[17:01:56] O2 compiling kk-obj/steps_8.o ...
[17:01:57] compiled kk-obj/steps_8.o (124536 B)
[17:01:57] O2 compiling kk-obj/steps_9.o ...
[17:01:58] compiled kk-obj/steps_9.o (35688 B)
RECOMPILE-O2-PASS-DONE
